// Jest Snapshot v1, https://goo.gl/fbAQLP

exports[`LayoutTracker should match snapshot 1`] = `
<RNCSafeAreaProvider
  onInsetsChange={[Function]}
  style={
    [
      {
        "flex": 1,
      },
      undefined,
    ]
  }
>
  <View
    collapsable={false}
    pointerEvents="box-none"
    style={
      {
        "flex": 1,
      }
    }
  >
    <Text>
      Test Content
    </Text>
  </View>
</RNCSafeAreaProvider>
`;

exports[`LayoutTracker should match snapshot with custom debounce 1`] = `
<RNCSafeAreaProvider
  onInsetsChange={[Function]}
  style={
    [
      {
        "flex": 1,
      },
      undefined,
    ]
  }
>
  <View
    collapsable={false}
    pointerEvents="box-none"
    style={
      {
        "flex": 1,
      }
    }
  >
    <Text>
      Test Content
    </Text>
  </View>
</RNCSafeAreaProvider>
`;
