// Jest Snapshot v1, https://goo.gl/fbAQLP

exports[`ThemeProvider should match snapshot with custom theme 1`] = `
<RNCSafeAreaProvider
  onInsetsChange={[Function]}
  style={
    [
      {
        "flex": 1,
      },
      undefined,
    ]
  }
>
  <View
    collapsable={false}
    pointerEvents="box-none"
    style={
      {
        "flex": 1,
      }
    }
  >
    <Text>
      Snapshot Test
    </Text>
  </View>
</RNCSafeAreaProvider>
`;

exports[`ThemeProvider should match snapshot with dark theme 1`] = `
<RNCSafeAreaProvider
  onInsetsChange={[Function]}
  style={
    [
      {
        "flex": 1,
      },
      undefined,
    ]
  }
>
  <View
    collapsable={false}
    pointerEvents="box-none"
    style={
      {
        "flex": 1,
      }
    }
  >
    <Text>
      Snapshot Test
    </Text>
  </View>
</RNCSafeAreaProvider>
`;

exports[`ThemeProvider should match snapshot with light theme 1`] = `
<RNCSafeAreaProvider
  onInsetsChange={[Function]}
  style={
    [
      {
        "flex": 1,
      },
      undefined,
    ]
  }
>
  <View
    collapsable={false}
    pointerEvents="box-none"
    style={
      {
        "flex": 1,
      }
    }
  >
    <Text>
      Snapshot Test
    </Text>
  </View>
</RNCSafeAreaProvider>
`;
